------------------------------------------------------------
Timing Analyzer Summary
------------------------------------------------------------

Type  : Slow 1100mV 85C Model Setup 'tbird_fsm:tb|flip_flop:ff|q[0]'
Slack : -9.185
TNS   : -27.067

Type  : Slow 1100mV 85C Model Setup 'vga_control:controller|h_count[0]'
Slack : -6.761
TNS   : -6.761

Type  : Slow 1100mV 85C Model Setup 'clk_50MHz'
Slack : -6.469
TNS   : -242.506

Type  : Slow 1100mV 85C Model Setup 'vga_control:controller|v_count[0]'
Slack : -6.196
TNS   : -6.196

Type  : Slow 1100mV 85C Model Setup 'tbird_fsm:tb|slow_clk'
Slack : -3.613
TNS   : -32.820

Type  : Slow 1100mV 85C Model Hold 'clk_50MHz'
Slack : -1.614
TNS   : -5.395

Type  : Slow 1100mV 85C Model Hold 'tbird_fsm:tb|flip_flop:ff|q[0]'
Slack : 0.652
TNS   : 0.000

Type  : Slow 1100mV 85C Model Hold 'vga_control:controller|v_count[0]'
Slack : 0.944
TNS   : 0.000

Type  : Slow 1100mV 85C Model Hold 'vga_control:controller|h_count[0]'
Slack : 1.145
TNS   : 0.000

Type  : Slow 1100mV 85C Model Hold 'tbird_fsm:tb|slow_clk'
Slack : 2.111
TNS   : 0.000

Type  : Slow 1100mV 85C Model Recovery 'vga_control:controller|v_count[0]'
Slack : -5.919
TNS   : -5.919

Type  : Slow 1100mV 85C Model Recovery 'vga_control:controller|h_count[0]'
Slack : -5.739
TNS   : -5.739

Type  : Slow 1100mV 85C Model Removal 'vga_control:controller|v_count[0]'
Slack : 0.602
TNS   : 0.000

Type  : Slow 1100mV 85C Model Removal 'vga_control:controller|h_count[0]'
Slack : 0.977
TNS   : 0.000

Type  : Slow 1100mV 85C Model Minimum Pulse Width 'tbird_fsm:tb|flip_flop:ff|q[0]'
Slack : -0.980
TNS   : -11.710

Type  : Slow 1100mV 85C Model Minimum Pulse Width 'clk_50MHz'
Slack : -0.777
TNS   : -33.799

Type  : Slow 1100mV 85C Model Minimum Pulse Width 'tbird_fsm:tb|slow_clk'
Slack : -0.394
TNS   : -5.478

Type  : Slow 1100mV 85C Model Minimum Pulse Width 'vga_control:controller|h_count[0]'
Slack : 0.229
TNS   : 0.000

Type  : Slow 1100mV 85C Model Minimum Pulse Width 'vga_control:controller|v_count[0]'
Slack : 0.359
TNS   : 0.000

Type  : Slow 1100mV 0C Model Setup 'tbird_fsm:tb|flip_flop:ff|q[0]'
Slack : -9.258
TNS   : -27.178

Type  : Slow 1100mV 0C Model Setup 'vga_control:controller|h_count[0]'
Slack : -6.851
TNS   : -6.851

Type  : Slow 1100mV 0C Model Setup 'vga_control:controller|v_count[0]'
Slack : -6.249
TNS   : -6.249

Type  : Slow 1100mV 0C Model Setup 'clk_50MHz'
Slack : -5.998
TNS   : -231.900

Type  : Slow 1100mV 0C Model Setup 'tbird_fsm:tb|slow_clk'
Slack : -3.747
TNS   : -34.186

Type  : Slow 1100mV 0C Model Hold 'clk_50MHz'
Slack : -1.729
TNS   : -7.200

Type  : Slow 1100mV 0C Model Hold 'tbird_fsm:tb|flip_flop:ff|q[0]'
Slack : 0.597
TNS   : 0.000

Type  : Slow 1100mV 0C Model Hold 'vga_control:controller|v_count[0]'
Slack : 0.899
TNS   : 0.000

Type  : Slow 1100mV 0C Model Hold 'vga_control:controller|h_count[0]'
Slack : 1.117
TNS   : 0.000

Type  : Slow 1100mV 0C Model Hold 'tbird_fsm:tb|slow_clk'
Slack : 2.247
TNS   : 0.000

Type  : Slow 1100mV 0C Model Recovery 'vga_control:controller|v_count[0]'
Slack : -5.992
TNS   : -5.992

Type  : Slow 1100mV 0C Model Recovery 'vga_control:controller|h_count[0]'
Slack : -5.903
TNS   : -5.903

Type  : Slow 1100mV 0C Model Removal 'vga_control:controller|v_count[0]'
Slack : 0.664
TNS   : 0.000

Type  : Slow 1100mV 0C Model Removal 'vga_control:controller|h_count[0]'
Slack : 0.906
TNS   : 0.000

Type  : Slow 1100mV 0C Model Minimum Pulse Width 'tbird_fsm:tb|flip_flop:ff|q[0]'
Slack : -0.924
TNS   : -10.808

Type  : Slow 1100mV 0C Model Minimum Pulse Width 'clk_50MHz'
Slack : -0.775
TNS   : -36.595

Type  : Slow 1100mV 0C Model Minimum Pulse Width 'tbird_fsm:tb|slow_clk'
Slack : -0.394
TNS   : -5.541

Type  : Slow 1100mV 0C Model Minimum Pulse Width 'vga_control:controller|h_count[0]'
Slack : 0.225
TNS   : 0.000

Type  : Slow 1100mV 0C Model Minimum Pulse Width 'vga_control:controller|v_count[0]'
Slack : 0.310
TNS   : 0.000

Type  : Fast 1100mV 85C Model Setup 'tbird_fsm:tb|flip_flop:ff|q[0]'
Slack : -5.282
TNS   : -15.524

Type  : Fast 1100mV 85C Model Setup 'clk_50MHz'
Slack : -4.434
TNS   : -134.498

Type  : Fast 1100mV 85C Model Setup 'vga_control:controller|h_count[0]'
Slack : -3.538
TNS   : -3.538

Type  : Fast 1100mV 85C Model Setup 'vga_control:controller|v_count[0]'
Slack : -3.217
TNS   : -3.217

Type  : Fast 1100mV 85C Model Setup 'tbird_fsm:tb|slow_clk'
Slack : -1.823
TNS   : -16.089

Type  : Fast 1100mV 85C Model Hold 'clk_50MHz'
Slack : -0.951
TNS   : -2.453

Type  : Fast 1100mV 85C Model Hold 'tbird_fsm:tb|flip_flop:ff|q[0]'
Slack : 0.238
TNS   : 0.000

Type  : Fast 1100mV 85C Model Hold 'vga_control:controller|v_count[0]'
Slack : 0.788
TNS   : 0.000

Type  : Fast 1100mV 85C Model Hold 'vga_control:controller|h_count[0]'
Slack : 0.890
TNS   : 0.000

Type  : Fast 1100mV 85C Model Hold 'tbird_fsm:tb|slow_clk'
Slack : 1.025
TNS   : 0.000

Type  : Fast 1100mV 85C Model Recovery 'vga_control:controller|v_count[0]'
Slack : -2.935
TNS   : -2.935

Type  : Fast 1100mV 85C Model Recovery 'vga_control:controller|h_count[0]'
Slack : -2.758
TNS   : -2.758

Type  : Fast 1100mV 85C Model Removal 'vga_control:controller|v_count[0]'
Slack : 0.366
TNS   : 0.000

Type  : Fast 1100mV 85C Model Removal 'vga_control:controller|h_count[0]'
Slack : 0.678
TNS   : 0.000

Type  : Fast 1100mV 85C Model Minimum Pulse Width 'clk_50MHz'
Slack : -0.676
TNS   : -6.202

Type  : Fast 1100mV 85C Model Minimum Pulse Width 'tbird_fsm:tb|flip_flop:ff|q[0]'
Slack : -0.427
TNS   : -4.278

Type  : Fast 1100mV 85C Model Minimum Pulse Width 'tbird_fsm:tb|slow_clk'
Slack : 0.025
TNS   : 0.000

Type  : Fast 1100mV 85C Model Minimum Pulse Width 'vga_control:controller|h_count[0]'
Slack : 0.319
TNS   : 0.000

Type  : Fast 1100mV 85C Model Minimum Pulse Width 'vga_control:controller|v_count[0]'
Slack : 0.362
TNS   : 0.000

Type  : Fast 1100mV 0C Model Setup 'tbird_fsm:tb|flip_flop:ff|q[0]'
Slack : -4.877
TNS   : -14.322

Type  : Fast 1100mV 0C Model Setup 'clk_50MHz'
Slack : -3.624
TNS   : -113.547

Type  : Fast 1100mV 0C Model Setup 'vga_control:controller|h_count[0]'
Slack : -3.299
TNS   : -3.299

Type  : Fast 1100mV 0C Model Setup 'vga_control:controller|v_count[0]'
Slack : -2.995
TNS   : -2.995

Type  : Fast 1100mV 0C Model Setup 'tbird_fsm:tb|slow_clk'
Slack : -1.768
TNS   : -15.799

Type  : Fast 1100mV 0C Model Hold 'clk_50MHz'
Slack : -1.022
TNS   : -4.046

Type  : Fast 1100mV 0C Model Hold 'tbird_fsm:tb|flip_flop:ff|q[0]'
Slack : 0.211
TNS   : 0.000

Type  : Fast 1100mV 0C Model Hold 'vga_control:controller|v_count[0]'
Slack : 0.688
TNS   : 0.000

Type  : Fast 1100mV 0C Model Hold 'vga_control:controller|h_count[0]'
Slack : 0.784
TNS   : 0.000

Type  : Fast 1100mV 0C Model Hold 'tbird_fsm:tb|slow_clk'
Slack : 1.037
TNS   : 0.000

Type  : Fast 1100mV 0C Model Recovery 'vga_control:controller|v_count[0]'
Slack : -2.738
TNS   : -2.738

Type  : Fast 1100mV 0C Model Recovery 'vga_control:controller|h_count[0]'
Slack : -2.628
TNS   : -2.628

Type  : Fast 1100mV 0C Model Removal 'vga_control:controller|v_count[0]'
Slack : 0.351
TNS   : 0.000

Type  : Fast 1100mV 0C Model Removal 'vga_control:controller|h_count[0]'
Slack : 0.588
TNS   : 0.000

Type  : Fast 1100mV 0C Model Minimum Pulse Width 'clk_50MHz'
Slack : -0.655
TNS   : -6.208

Type  : Fast 1100mV 0C Model Minimum Pulse Width 'tbird_fsm:tb|flip_flop:ff|q[0]'
Slack : -0.322
TNS   : -3.025

Type  : Fast 1100mV 0C Model Minimum Pulse Width 'tbird_fsm:tb|slow_clk'
Slack : 0.046
TNS   : 0.000

Type  : Fast 1100mV 0C Model Minimum Pulse Width 'vga_control:controller|h_count[0]'
Slack : 0.339
TNS   : 0.000

Type  : Fast 1100mV 0C Model Minimum Pulse Width 'vga_control:controller|v_count[0]'
Slack : 0.377
TNS   : 0.000

------------------------------------------------------------
