Analysis & Synthesis report for vga
Mon Oct 30 22:15:32 2023
Quartus Prime Version 18.1.0 Build 625 09/12/2018 SJ Lite Edition


---------------------
; Table of Contents ;
---------------------
  1. Legal Notice
  2. Analysis & Synthesis Summary
  3. Analysis & Synthesis Settings
  4. Parallel Compilation
  5. Analysis & Synthesis Source Files Read
  6. Analysis & Synthesis Resource Usage Summary
  7. Analysis & Synthesis Resource Utilization by Entity
  8. User-Specified and Inferred Latches
  9. Registers Removed During Synthesis
 10. General Register Statistics
 11. Inverted Register Statistics
 12. Multiplexer Restructuring Statistics (Restructuring Performed)
 13. Parameter Settings for User Entity Instance: Top-level Entity: |vga_2
 14. Parameter Settings for User Entity Instance: vga_control:controller
 15. Parameter Settings for User Entity Instance: bit_gen2:bits
 16. Parameter Settings for User Entity Instance: tbird_fsm:tb
 17. Post-Synthesis Netlist Statistics for Top Partition
 18. Elapsed Time Per Partition
 19. Analysis & Synthesis Messages
 20. Analysis & Synthesis Suppressed Messages



----------------
; Legal Notice ;
----------------
Copyright (C) 2018  Intel Corporation. All rights reserved.
Your use of Intel Corporation's design tools, logic functions 
and other software and tools, and its AMPP partner logic 
functions, and any output files from any of the foregoing 
(including device programming or simulation files), and any 
associated documentation or information are expressly subject 
to the terms and conditions of the Intel Program License 
Subscription Agreement, the Intel Quartus Prime License Agreement,
the Intel FPGA IP License Agreement, or other applicable license
agreement, including, without limitation, that your use is for
the sole purpose of programming logic devices manufactured by
Intel and sold by Intel or its authorized distributors.  Please
refer to the applicable agreement for further details.



+-------------------------------------------------------------------------------+
; Analysis & Synthesis Summary                                                  ;
+---------------------------------+---------------------------------------------+
; Analysis & Synthesis Status     ; Successful - Mon Oct 30 22:15:32 2023       ;
; Quartus Prime Version           ; 18.1.0 Build 625 09/12/2018 SJ Lite Edition ;
; Revision Name                   ; vga                                         ;
; Top-level Entity Name           ; vga_2                                       ;
; Family                          ; Cyclone V                                   ;
; Logic utilization (in ALMs)     ; N/A                                         ;
; Total registers                 ; 67                                          ;
; Total pins                      ; 34                                          ;
; Total virtual pins              ; 0                                           ;
; Total block memory bits         ; 0                                           ;
; Total DSP Blocks                ; 0                                           ;
; Total HSSI RX PCSs              ; 0                                           ;
; Total HSSI PMA RX Deserializers ; 0                                           ;
; Total HSSI TX PCSs              ; 0                                           ;
; Total HSSI PMA TX Serializers   ; 0                                           ;
; Total PLLs                      ; 0                                           ;
; Total DLLs                      ; 0                                           ;
+---------------------------------+---------------------------------------------+


+---------------------------------------------------------------------------------------------------------------------------+
; Analysis & Synthesis Settings                                                                                             ;
+---------------------------------------------------------------------------------+--------------------+--------------------+
; Option                                                                          ; Setting            ; Default Value      ;
+---------------------------------------------------------------------------------+--------------------+--------------------+
; Device                                                                          ; 5CSEMA5F31C6       ;                    ;
; Top-level entity name                                                           ; vga_2              ; vga                ;
; Family name                                                                     ; Cyclone V          ; Cyclone V          ;
; Use smart compilation                                                           ; Off                ; Off                ;
; Enable parallel Assembler and Timing Analyzer during compilation                ; On                 ; On                 ;
; Enable compact report table                                                     ; Off                ; Off                ;
; Restructure Multiplexers                                                        ; Auto               ; Auto               ;
; MLAB Add Timing Constraints For Mixed-Port Feed-Through Mode Setting Don't Care ; Off                ; Off                ;
; Create Debugging Nodes for IP Cores                                             ; Off                ; Off                ;
; Preserve fewer node names                                                       ; On                 ; On                 ;
; Intel FPGA IP Evaluation Mode                                                   ; Enable             ; Enable             ;
; Verilog Version                                                                 ; Verilog_2001       ; Verilog_2001       ;
; VHDL Version                                                                    ; VHDL_1993          ; VHDL_1993          ;
; State Machine Processing                                                        ; Auto               ; Auto               ;
; Safe State Machine                                                              ; Off                ; Off                ;
; Extract Verilog State Machines                                                  ; On                 ; On                 ;
; Extract VHDL State Machines                                                     ; On                 ; On                 ;
; Ignore Verilog initial constructs                                               ; Off                ; Off                ;
; Iteration limit for constant Verilog loops                                      ; 5000               ; 5000               ;
; Iteration limit for non-constant Verilog loops                                  ; 250                ; 250                ;
; Add Pass-Through Logic to Inferred RAMs                                         ; On                 ; On                 ;
; Infer RAMs from Raw Logic                                                       ; On                 ; On                 ;
; Parallel Synthesis                                                              ; On                 ; On                 ;
; DSP Block Balancing                                                             ; Auto               ; Auto               ;
; NOT Gate Push-Back                                                              ; On                 ; On                 ;
; Power-Up Don't Care                                                             ; On                 ; On                 ;
; Remove Redundant Logic Cells                                                    ; Off                ; Off                ;
; Remove Duplicate Registers                                                      ; On                 ; On                 ;
; Ignore CARRY Buffers                                                            ; Off                ; Off                ;
; Ignore CASCADE Buffers                                                          ; Off                ; Off                ;
; Ignore GLOBAL Buffers                                                           ; Off                ; Off                ;
; Ignore ROW GLOBAL Buffers                                                       ; Off                ; Off                ;
; Ignore LCELL Buffers                                                            ; Off                ; Off                ;
; Ignore SOFT Buffers                                                             ; On                 ; On                 ;
; Limit AHDL Integers to 32 Bits                                                  ; Off                ; Off                ;
; Optimization Technique                                                          ; Balanced           ; Balanced           ;
; Carry Chain Length                                                              ; 70                 ; 70                 ;
; Auto Carry Chains                                                               ; On                 ; On                 ;
; Auto Open-Drain Pins                                                            ; On                 ; On                 ;
; Perform WYSIWYG Primitive Resynthesis                                           ; Off                ; Off                ;
; Auto ROM Replacement                                                            ; On                 ; On                 ;
; Auto RAM Replacement                                                            ; On                 ; On                 ;
; Auto DSP Block Replacement                                                      ; On                 ; On                 ;
; Auto Shift Register Replacement                                                 ; Auto               ; Auto               ;
; Allow Shift Register Merging across Hierarchies                                 ; Auto               ; Auto               ;
; Auto Clock Enable Replacement                                                   ; On                 ; On                 ;
; Strict RAM Replacement                                                          ; Off                ; Off                ;
; Allow Synchronous Control Signals                                               ; On                 ; On                 ;
; Force Use of Synchronous Clear Signals                                          ; Off                ; Off                ;
; Auto Resource Sharing                                                           ; Off                ; Off                ;
; Allow Any RAM Size For Recognition                                              ; Off                ; Off                ;
; Allow Any ROM Size For Recognition                                              ; Off                ; Off                ;
; Allow Any Shift Register Size For Recognition                                   ; Off                ; Off                ;
; Use LogicLock Constraints during Resource Balancing                             ; On                 ; On                 ;
; Ignore translate_off and synthesis_off directives                               ; Off                ; Off                ;
; Timing-Driven Synthesis                                                         ; On                 ; On                 ;
; Report Parameter Settings                                                       ; On                 ; On                 ;
; Report Source Assignments                                                       ; On                 ; On                 ;
; Report Connectivity Checks                                                      ; On                 ; On                 ;
; Ignore Maximum Fan-Out Assignments                                              ; Off                ; Off                ;
; Synchronization Register Chain Length                                           ; 3                  ; 3                  ;
; Power Optimization During Synthesis                                             ; Normal compilation ; Normal compilation ;
; HDL message level                                                               ; Level2             ; Level2             ;
; Suppress Register Optimization Related Messages                                 ; Off                ; Off                ;
; Number of Removed Registers Reported in Synthesis Report                        ; 5000               ; 5000               ;
; Number of Swept Nodes Reported in Synthesis Report                              ; 5000               ; 5000               ;
; Number of Inverted Registers Reported in Synthesis Report                       ; 100                ; 100                ;
; Clock MUX Protection                                                            ; On                 ; On                 ;
; Auto Gated Clock Conversion                                                     ; Off                ; Off                ;
; Block Design Naming                                                             ; Auto               ; Auto               ;
; SDC constraint protection                                                       ; Off                ; Off                ;
; Synthesis Effort                                                                ; Auto               ; Auto               ;
; Shift Register Replacement - Allow Asynchronous Clear Signal                    ; On                 ; On                 ;
; Pre-Mapping Resynthesis Optimization                                            ; Off                ; Off                ;
; Analysis & Synthesis Message Level                                              ; Medium             ; Medium             ;
; Disable Register Merging Across Hierarchies                                     ; Auto               ; Auto               ;
; Resource Aware Inference For Block RAM                                          ; On                 ; On                 ;
; Automatic Parallel Synthesis                                                    ; On                 ; On                 ;
; Partial Reconfiguration Bitstream ID                                            ; Off                ; Off                ;
+---------------------------------------------------------------------------------+--------------------+--------------------+


+------------------------------------------+
; Parallel Compilation                     ;
+----------------------------+-------------+
; Processors                 ; Number      ;
+----------------------------+-------------+
; Number detected on machine ; 16          ;
; Maximum allowed            ; 16          ;
;                            ;             ;
; Average used               ; 1.00        ;
; Maximum used               ; 16          ;
;                            ;             ;
; Usage by Processor         ; % Time Used ;
;     Processor 1            ; 100.0%      ;
;     Processor 2            ;   0.0%      ;
;     Processors 3-16        ;   0.0%      ;
+----------------------------+-------------+


+----------------------------------------------------------------------------------------------------------------------------------+
; Analysis & Synthesis Source Files Read                                                                                           ;
+----------------------------------+-----------------+------------------------+------------------------------------------+---------+
; File Name with User-Entered Path ; Used in Netlist ; File Type              ; File Name with Absolute Path             ; Library ;
+----------------------------------+-----------------+------------------------+------------------------------------------+---------+
; tbird_fsm.v                      ; yes             ; User Verilog HDL File  ; C:/intelFPGA_lite/18.1/VGA/tbird_fsm.v   ;         ;
; vga_control.v                    ; yes             ; User Verilog HDL File  ; C:/intelFPGA_lite/18.1/VGA/vga_control.v ;         ;
; bit_gen2.v                       ; yes             ; User Verilog HDL File  ; C:/intelFPGA_lite/18.1/VGA/bit_gen2.v    ;         ;
; vga_2.v                          ; yes             ; User Verilog HDL File  ; C:/intelFPGA_lite/18.1/VGA/vga_2.v       ;         ;
+----------------------------------+-----------------+------------------------+------------------------------------------+---------+


+-----------------------------------------------------------+
; Analysis & Synthesis Resource Usage Summary               ;
+---------------------------------------------+-------------+
; Resource                                    ; Usage       ;
+---------------------------------------------+-------------+
; Estimate of Logic utilization (ALMs needed) ; 129         ;
;                                             ;             ;
; Combinational ALUT usage for logic          ; 194         ;
;     -- 7 input functions                    ; 1           ;
;     -- 6 input functions                    ; 61          ;
;     -- 5 input functions                    ; 33          ;
;     -- 4 input functions                    ; 29          ;
;     -- <=3 input functions                  ; 70          ;
;                                             ;             ;
; Dedicated logic registers                   ; 67          ;
;                                             ;             ;
; I/O pins                                    ; 34          ;
;                                             ;             ;
; Total DSP Blocks                            ; 0           ;
;                                             ;             ;
; Maximum fan-out node                        ; clear~input ;
; Maximum fan-out                             ; 67          ;
; Total fan-out                               ; 1140        ;
; Average fan-out                             ; 3.47        ;
+---------------------------------------------+-------------+


+------------------------------------------------------------------------------------------------------------------------------------------------------------------------------------------------------+
; Analysis & Synthesis Resource Utilization by Entity                                                                                                                                                  ;
+-----------------------------+---------------------+---------------------------+-------------------+------------+------+--------------+----------------------------------+-------------+--------------+
; Compilation Hierarchy Node  ; Combinational ALUTs ; Dedicated Logic Registers ; Block Memory Bits ; DSP Blocks ; Pins ; Virtual Pins ; Full Hierarchy Name              ; Entity Name ; Library Name ;
+-----------------------------+---------------------+---------------------------+-------------------+------------+------+--------------+----------------------------------+-------------+--------------+
; |vga_2                      ; 194 (0)             ; 67 (0)                    ; 0                 ; 0          ; 34   ; 0            ; |vga_2                           ; vga_2       ; work         ;
;    |bit_gen2:bits|          ; 104 (104)           ; 0 (0)                     ; 0                 ; 0          ; 0    ; 0            ; |vga_2|bit_gen2:bits             ; bit_gen2    ; work         ;
;    |tbird_fsm:tb|           ; 46 (46)             ; 46 (36)                   ; 0                 ; 0          ; 0    ; 0            ; |vga_2|tbird_fsm:tb              ; tbird_fsm   ; work         ;
;       |flip_flop:ff|        ; 0 (0)               ; 10 (10)                   ; 0                 ; 0          ; 0    ; 0            ; |vga_2|tbird_fsm:tb|flip_flop:ff ; flip_flop   ; work         ;
;    |vga_control:controller| ; 44 (44)             ; 21 (21)                   ; 0                 ; 0          ; 0    ; 0            ; |vga_2|vga_control:controller    ; vga_control ; work         ;
+-----------------------------+---------------------+---------------------------+-------------------+------------+------+--------------+----------------------------------+-------------+--------------+
Note: For table entries with two numbers listed, the numbers in parentheses indicate the number of resources of the given type used by the specific entity alone. The numbers listed outside of parentheses indicate the total resources of the given type used by the specific entity and all of its sub-entities in the hierarchy.


+--------------------------------------------------------------------------------------------------------------+
; User-Specified and Inferred Latches                                                                          ;
+-----------------------------------------------------+-------------------------------+------------------------+
; Latch Name                                          ; Latch Enable Signal           ; Free of Timing Hazards ;
+-----------------------------------------------------+-------------------------------+------------------------+
; vga_control:controller|h_sync                       ; vga_control:controller|h_sync ; yes                    ;
; vga_control:controller|v_sync                       ; vga_control:controller|v_sync ; yes                    ;
; vga_control:controller|v_bright                     ; GND                           ; yes                    ;
; vga_control:controller|h_bright                     ; GND                           ; yes                    ;
; bit_gen2:bits|red_out[0]                            ; bit_gen2:bits|WideNor0        ; yes                    ;
; bit_gen2:bits|red_out[1]                            ; bit_gen2:bits|WideNor0        ; yes                    ;
; bit_gen2:bits|red_out[2]                            ; bit_gen2:bits|WideNor0        ; yes                    ;
; bit_gen2:bits|red_out[3]                            ; bit_gen2:bits|WideNor0        ; yes                    ;
; bit_gen2:bits|red_out[4]                            ; bit_gen2:bits|WideNor0        ; yes                    ;
; bit_gen2:bits|red_out[5]                            ; bit_gen2:bits|WideNor0        ; yes                    ;
; bit_gen2:bits|red_out[6]                            ; bit_gen2:bits|WideNor0        ; yes                    ;
; bit_gen2:bits|red_out[7]                            ; bit_gen2:bits|WideNor0        ; yes                    ;
; bit_gen2:bits|green_out[0]                          ; bit_gen2:bits|WideNor0        ; yes                    ;
; bit_gen2:bits|green_out[1]                          ; bit_gen2:bits|WideNor0        ; yes                    ;
; bit_gen2:bits|green_out[2]                          ; bit_gen2:bits|WideNor0        ; yes                    ;
; bit_gen2:bits|green_out[3]                          ; bit_gen2:bits|WideNor0        ; yes                    ;
; bit_gen2:bits|green_out[4]                          ; bit_gen2:bits|WideNor0        ; yes                    ;
; bit_gen2:bits|green_out[5]                          ; bit_gen2:bits|WideNor0        ; yes                    ;
; bit_gen2:bits|green_out[6]                          ; bit_gen2:bits|WideNor0        ; yes                    ;
; bit_gen2:bits|green_out[7]                          ; bit_gen2:bits|WideNor0        ; yes                    ;
; bit_gen2:bits|blue_out[0]                           ; bit_gen2:bits|WideNor0        ; yes                    ;
; bit_gen2:bits|blue_out[1]                           ; bit_gen2:bits|WideNor0        ; yes                    ;
; bit_gen2:bits|blue_out[2]                           ; bit_gen2:bits|WideNor0        ; yes                    ;
; bit_gen2:bits|blue_out[3]                           ; bit_gen2:bits|WideNor0        ; yes                    ;
; bit_gen2:bits|blue_out[4]                           ; bit_gen2:bits|WideNor0        ; yes                    ;
; bit_gen2:bits|blue_out[5]                           ; bit_gen2:bits|WideNor0        ; yes                    ;
; bit_gen2:bits|blue_out[6]                           ; bit_gen2:bits|WideNor0        ; yes                    ;
; bit_gen2:bits|blue_out[7]                           ; bit_gen2:bits|WideNor0        ; yes                    ;
; Number of user-specified and inferred latches = 28  ;                               ;                        ;
+-----------------------------------------------------+-------------------------------+------------------------+
Note: All latches listed above may not be present at the end of synthesis due to various synthesis optimizations.


+----------------------------------------------------------------------------------------------+
; Registers Removed During Synthesis                                                           ;
+------------------------------------------+---------------------------------------------------+
; Register name                            ; Reason for Removal                                ;
+------------------------------------------+---------------------------------------------------+
; tbird_fsm:tb|flip_flop:ff|q[20]          ; Merged with tbird_fsm:tb|flip_flop:ff|q[19]       ;
; tbird_fsm:tb|flip_flop:ff|q[17,18]       ; Merged with tbird_fsm:tb|flip_flop:ff|q[16]       ;
; tbird_fsm:tb|flip_flop:ff|q[14,15]       ; Merged with tbird_fsm:tb|flip_flop:ff|q[13]       ;
; tbird_fsm:tb|flip_flop:ff|q[12]          ; Merged with tbird_fsm:tb|flip_flop:ff|q[11]       ;
; tbird_fsm:tb|flip_flop:ff|q[9]           ; Merged with tbird_fsm:tb|flip_flop:ff|q[10]       ;
; tbird_fsm:tb|flip_flop:ff|q[7,8]         ; Merged with tbird_fsm:tb|flip_flop:ff|q[6]        ;
; tbird_fsm:tb|unclocked_next_state[20]    ; Merged with tbird_fsm:tb|unclocked_next_state[19] ;
; tbird_fsm:tb|unclocked_next_state[17,18] ; Merged with tbird_fsm:tb|unclocked_next_state[16] ;
; tbird_fsm:tb|unclocked_next_state[14,15] ; Merged with tbird_fsm:tb|unclocked_next_state[13] ;
; tbird_fsm:tb|unclocked_next_state[12]    ; Merged with tbird_fsm:tb|unclocked_next_state[11] ;
; tbird_fsm:tb|unclocked_next_state[9]     ; Merged with tbird_fsm:tb|unclocked_next_state[10] ;
; tbird_fsm:tb|unclocked_next_state[7,8]   ; Merged with tbird_fsm:tb|unclocked_next_state[6]  ;
; tbird_fsm:tb|unclocked_next_state[4,5]   ; Merged with tbird_fsm:tb|unclocked_next_state[3]  ;
; tbird_fsm:tb|unclocked_next_state[2]     ; Merged with tbird_fsm:tb|unclocked_next_state[1]  ;
; tbird_fsm:tb|flip_flop:ff|q[4,5]         ; Merged with tbird_fsm:tb|flip_flop:ff|q[3]        ;
; tbird_fsm:tb|flip_flop:ff|q[2]           ; Merged with tbird_fsm:tb|flip_flop:ff|q[1]        ;
; Total Number of Removed Registers = 24   ;                                                   ;
+------------------------------------------+---------------------------------------------------+


+------------------------------------------------------+
; General Register Statistics                          ;
+----------------------------------------------+-------+
; Statistic                                    ; Value ;
+----------------------------------------------+-------+
; Total registers                              ; 67    ;
; Number of registers using Synchronous Clear  ; 45    ;
; Number of registers using Synchronous Load   ; 0     ;
; Number of registers using Asynchronous Clear ; 67    ;
; Number of registers using Asynchronous Load  ; 0     ;
; Number of registers using Clock Enable       ; 24    ;
; Number of registers using Preset             ; 0     ;
+----------------------------------------------+-------+


+---------------------------------------------------+
; Inverted Register Statistics                      ;
+-----------------------------------------+---------+
; Inverted Register                       ; Fan out ;
+-----------------------------------------+---------+
; tbird_fsm:tb|flip_flop:ff|q[0]          ; 7       ;
; tbird_fsm:tb|flip_flop:ff|q[1]          ; 7       ;
; tbird_fsm:tb|flip_flop:ff|q[6]          ; 7       ;
; tbird_fsm:tb|flip_flop:ff|q[3]          ; 7       ;
; tbird_fsm:tb|flip_flop:ff|q[10]         ; 4       ;
; tbird_fsm:tb|flip_flop:ff|q[13]         ; 5       ;
; tbird_fsm:tb|flip_flop:ff|q[11]         ; 6       ;
; tbird_fsm:tb|flip_flop:ff|q[21]         ; 7       ;
; tbird_fsm:tb|flip_flop:ff|q[19]         ; 8       ;
; tbird_fsm:tb|flip_flop:ff|q[16]         ; 7       ;
; tbird_fsm:tb|unclocked_next_state[0]    ; 2       ;
; tbird_fsm:tb|unclocked_next_state[1]    ; 2       ;
; tbird_fsm:tb|unclocked_next_state[6]    ; 1       ;
; tbird_fsm:tb|unclocked_next_state[3]    ; 2       ;
; tbird_fsm:tb|unclocked_next_state[10]   ; 1       ;
; tbird_fsm:tb|unclocked_next_state[13]   ; 1       ;
; tbird_fsm:tb|unclocked_next_state[11]   ; 1       ;
; tbird_fsm:tb|unclocked_next_state[21]   ; 2       ;
; tbird_fsm:tb|unclocked_next_state[19]   ; 2       ;
; tbird_fsm:tb|unclocked_next_state[16]   ; 2       ;
; Total number of inverted registers = 20 ;         ;
+-----------------------------------------+---------+


+-----------------------------------------------------------------------------------------------------------------------------------------------------------+
; Multiplexer Restructuring Statistics (Restructuring Performed)                                                                                            ;
+--------------------+-----------+---------------+----------------------+------------------------+------------+---------------------------------------------+
; Multiplexer Inputs ; Bus Width ; Baseline Area ; Area if Restructured ; Saving if Restructured ; Registered ; Example Multiplexer Output                  ;
+--------------------+-----------+---------------+----------------------+------------------------+------------+---------------------------------------------+
; 4:1                ; 10 bits   ; 20 LEs        ; 20 LEs               ; 0 LEs                  ; Yes        ; |vga_2|tbird_fsm:tb|unclocked_next_state[0] ;
+--------------------+-----------+---------------+----------------------+------------------------+------------+---------------------------------------------+


+-----------------------------------------------------------------------+
; Parameter Settings for User Entity Instance: Top-level Entity: |vga_2 ;
+----------------+-------+----------------------------------------------+
; Parameter Name ; Value ; Type                                         ;
+----------------+-------+----------------------------------------------+
; H_RES          ; 640   ; Signed Integer                               ;
; V_RES          ; 480   ; Signed Integer                               ;
; COUNTER_BITS   ; 10    ; Signed Integer                               ;
+----------------+-------+----------------------------------------------+
Note: In order to hide this table in the UI and the text report file, please set the "Show Parameter Settings in Synthesis Report" option in "Analysis and Synthesis Settings -> More Settings" to "Off".


+---------------------------------------------------------------------+
; Parameter Settings for User Entity Instance: vga_control:controller ;
+----------------+-------+--------------------------------------------+
; Parameter Name ; Value ; Type                                       ;
+----------------+-------+--------------------------------------------+
; H_RES          ; 640   ; Signed Integer                             ;
; V_RES          ; 480   ; Signed Integer                             ;
; COUNTER_BITS   ; 10    ; Signed Integer                             ;
+----------------+-------+--------------------------------------------+
Note: In order to hide this table in the UI and the text report file, please set the "Show Parameter Settings in Synthesis Report" option in "Analysis and Synthesis Settings -> More Settings" to "Off".


+------------------------------------------------------------+
; Parameter Settings for User Entity Instance: bit_gen2:bits ;
+----------------+-------+-----------------------------------+
; Parameter Name ; Value ; Type                              ;
+----------------+-------+-----------------------------------+
; COUNTER_BITS   ; 10    ; Signed Integer                    ;
+----------------+-------+-----------------------------------+
Note: In order to hide this table in the UI and the text report file, please set the "Show Parameter Settings in Synthesis Report" option in "Analysis and Synthesis Settings -> More Settings" to "Off".


+--------------------------------------------------------------+
; Parameter Settings for User Entity Instance: tbird_fsm:tb    ;
+----------------+---------------------------+-----------------+
; Parameter Name ; Value                     ; Type            ;
+----------------+---------------------------+-----------------+
; L1             ; 1111111110011111111111    ; Unsigned Binary ;
; L2             ; 1111110000011111111111    ; Unsigned Binary ;
; L3             ; 1110000000011111111111    ; Unsigned Binary ;
; L4             ; 1000000000011111111111    ; Unsigned Binary ;
; L5             ; 0000000000011111111111    ; Unsigned Binary ;
; R1             ; 1111111111100111111111    ; Unsigned Binary ;
; R2             ; 1111111111100000111111    ; Unsigned Binary ;
; R3             ; 1111111111100000000111    ; Unsigned Binary ;
; R4             ; 1111111111100000000001    ; Unsigned Binary ;
; R5             ; 1111111111100000000000    ; Unsigned Binary ;
; H              ; 0000000000000000000000    ; Unsigned Binary ;
; O              ; 1111111111111111111111    ; Unsigned Binary ;
; divide_factor  ; 0010011000100101101000000 ; Unsigned Binary ;
+----------------+---------------------------+-----------------+
Note: In order to hide this table in the UI and the text report file, please set the "Show Parameter Settings in Synthesis Report" option in "Analysis and Synthesis Settings -> More Settings" to "Off".


+-----------------------------------------------------+
; Post-Synthesis Netlist Statistics for Top Partition ;
+-----------------------+-----------------------------+
; Type                  ; Count                       ;
+-----------------------+-----------------------------+
; arriav_ff             ; 67                          ;
;     CLR               ; 18                          ;
;     CLR SCLR          ; 25                          ;
;     ENA CLR           ; 4                           ;
;     ENA CLR SCLR      ; 20                          ;
; arriav_lcell_comb     ; 195                         ;
;     arith             ; 45                          ;
;         1 data inputs ; 45                          ;
;     extend            ; 1                           ;
;         7 data inputs ; 1                           ;
;     normal            ; 149                         ;
;         0 data inputs ; 1                           ;
;         1 data inputs ; 1                           ;
;         2 data inputs ; 6                           ;
;         3 data inputs ; 18                          ;
;         4 data inputs ; 29                          ;
;         5 data inputs ; 33                          ;
;         6 data inputs ; 61                          ;
; boundary_port         ; 34                          ;
;                       ;                             ;
; Max LUT depth         ; 5.00                        ;
; Average LUT depth     ; 3.39                        ;
+-----------------------+-----------------------------+


+-------------------------------+
; Elapsed Time Per Partition    ;
+----------------+--------------+
; Partition Name ; Elapsed Time ;
+----------------+--------------+
; Top            ; 00:00:01     ;
+----------------+--------------+


+-------------------------------+
; Analysis & Synthesis Messages ;
+-------------------------------+
Info: *******************************************************************
Info: Running Quartus Prime Analysis & Synthesis
    Info: Version 18.1.0 Build 625 09/12/2018 SJ Lite Edition
    Info: Processing started: Mon Oct 30 22:15:10 2023
Info: Command: quartus_map --read_settings_files=on --write_settings_files=off vga -c vga
Warning (18236): Number of processors has not been specified which may cause overloading on shared machines.  Set the global assignment NUM_PARALLEL_PROCESSORS in your QSF to an appropriate value for best performance.
Info (20030): Parallel compilation is enabled and will use 16 of the 16 processors detected
Info (12021): Found 2 design units, including 2 entities, in source file tbird_fsm.v
    Info (12023): Found entity 1: tbird_fsm File: C:/intelFPGA_lite/18.1/VGA/tbird_fsm.v Line: 6
    Info (12023): Found entity 2: flip_flop File: C:/intelFPGA_lite/18.1/VGA/tbird_fsm.v Line: 67
Info (12021): Found 1 design units, including 1 entities, in source file vga.v
    Info (12023): Found entity 1: vga File: C:/intelFPGA_lite/18.1/VGA/vga.v Line: 1
Info (12021): Found 1 design units, including 1 entities, in source file vga_tb.v
    Info (12023): Found entity 1: vga_tb File: C:/intelFPGA_lite/18.1/VGA/vga_tb.v Line: 2
Info (12021): Found 1 design units, including 1 entities, in source file bit_gen.v
    Info (12023): Found entity 1: bit_gen File: C:/intelFPGA_lite/18.1/VGA/bit_gen.v Line: 1
Info (12021): Found 1 design units, including 1 entities, in source file vga_control.v
    Info (12023): Found entity 1: vga_control File: C:/intelFPGA_lite/18.1/VGA/vga_control.v Line: 1
Info (12021): Found 1 design units, including 1 entities, in source file bit_gen2.v
    Info (12023): Found entity 1: bit_gen2 File: C:/intelFPGA_lite/18.1/VGA/bit_gen2.v Line: 1
Info (12021): Found 1 design units, including 1 entities, in source file vga_2.v
    Info (12023): Found entity 1: vga_2 File: C:/intelFPGA_lite/18.1/VGA/vga_2.v Line: 1
Warning (10236): Verilog HDL Implicit Net warning at vga_tb.v(14): created implicit net for "clk_25MHz" File: C:/intelFPGA_lite/18.1/VGA/vga_tb.v Line: 14
Warning (10222): Verilog HDL Parameter Declaration warning at vga_control.v(9): Parameter Declaration in module "vga_control" behaves as a Local Parameter Declaration because the module has a Module Parameter Port List File: C:/intelFPGA_lite/18.1/VGA/vga_control.v Line: 9
Warning (10222): Verilog HDL Parameter Declaration warning at vga_control.v(10): Parameter Declaration in module "vga_control" behaves as a Local Parameter Declaration because the module has a Module Parameter Port List File: C:/intelFPGA_lite/18.1/VGA/vga_control.v Line: 10
Warning (10222): Verilog HDL Parameter Declaration warning at vga_control.v(11): Parameter Declaration in module "vga_control" behaves as a Local Parameter Declaration because the module has a Module Parameter Port List File: C:/intelFPGA_lite/18.1/VGA/vga_control.v Line: 11
Warning (10222): Verilog HDL Parameter Declaration warning at vga_control.v(12): Parameter Declaration in module "vga_control" behaves as a Local Parameter Declaration because the module has a Module Parameter Port List File: C:/intelFPGA_lite/18.1/VGA/vga_control.v Line: 12
Warning (10222): Verilog HDL Parameter Declaration warning at vga_control.v(13): Parameter Declaration in module "vga_control" behaves as a Local Parameter Declaration because the module has a Module Parameter Port List File: C:/intelFPGA_lite/18.1/VGA/vga_control.v Line: 13
Warning (10222): Verilog HDL Parameter Declaration warning at vga_control.v(16): Parameter Declaration in module "vga_control" behaves as a Local Parameter Declaration because the module has a Module Parameter Port List File: C:/intelFPGA_lite/18.1/VGA/vga_control.v Line: 16
Warning (10222): Verilog HDL Parameter Declaration warning at vga_control.v(17): Parameter Declaration in module "vga_control" behaves as a Local Parameter Declaration because the module has a Module Parameter Port List File: C:/intelFPGA_lite/18.1/VGA/vga_control.v Line: 17
Warning (10222): Verilog HDL Parameter Declaration warning at vga_control.v(18): Parameter Declaration in module "vga_control" behaves as a Local Parameter Declaration because the module has a Module Parameter Port List File: C:/intelFPGA_lite/18.1/VGA/vga_control.v Line: 18
Warning (10222): Verilog HDL Parameter Declaration warning at vga_control.v(19): Parameter Declaration in module "vga_control" behaves as a Local Parameter Declaration because the module has a Module Parameter Port List File: C:/intelFPGA_lite/18.1/VGA/vga_control.v Line: 19
Warning (10222): Verilog HDL Parameter Declaration warning at vga_control.v(20): Parameter Declaration in module "vga_control" behaves as a Local Parameter Declaration because the module has a Module Parameter Port List File: C:/intelFPGA_lite/18.1/VGA/vga_control.v Line: 20
Warning (10222): Verilog HDL Parameter Declaration warning at bit_gen.v(7): Parameter Declaration in module "bit_gen" behaves as a Local Parameter Declaration because the module has a Module Parameter Port List File: C:/intelFPGA_lite/18.1/VGA/bit_gen.v Line: 7
Warning (10222): Verilog HDL Parameter Declaration warning at bit_gen.v(8): Parameter Declaration in module "bit_gen" behaves as a Local Parameter Declaration because the module has a Module Parameter Port List File: C:/intelFPGA_lite/18.1/VGA/bit_gen.v Line: 8
Warning (10222): Verilog HDL Parameter Declaration warning at bit_gen2.v(8): Parameter Declaration in module "bit_gen2" behaves as a Local Parameter Declaration because the module has a Module Parameter Port List File: C:/intelFPGA_lite/18.1/VGA/bit_gen2.v Line: 8
Warning (10222): Verilog HDL Parameter Declaration warning at bit_gen2.v(9): Parameter Declaration in module "bit_gen2" behaves as a Local Parameter Declaration because the module has a Module Parameter Port List File: C:/intelFPGA_lite/18.1/VGA/bit_gen2.v Line: 9
Warning (10222): Verilog HDL Parameter Declaration warning at bit_gen2.v(12): Parameter Declaration in module "bit_gen2" behaves as a Local Parameter Declaration because the module has a Module Parameter Port List File: C:/intelFPGA_lite/18.1/VGA/bit_gen2.v Line: 12
Warning (10222): Verilog HDL Parameter Declaration warning at bit_gen2.v(13): Parameter Declaration in module "bit_gen2" behaves as a Local Parameter Declaration because the module has a Module Parameter Port List File: C:/intelFPGA_lite/18.1/VGA/bit_gen2.v Line: 13
Warning (10222): Verilog HDL Parameter Declaration warning at bit_gen2.v(14): Parameter Declaration in module "bit_gen2" behaves as a Local Parameter Declaration because the module has a Module Parameter Port List File: C:/intelFPGA_lite/18.1/VGA/bit_gen2.v Line: 14
Warning (10222): Verilog HDL Parameter Declaration warning at bit_gen2.v(15): Parameter Declaration in module "bit_gen2" behaves as a Local Parameter Declaration because the module has a Module Parameter Port List File: C:/intelFPGA_lite/18.1/VGA/bit_gen2.v Line: 15
Warning (10222): Verilog HDL Parameter Declaration warning at bit_gen2.v(16): Parameter Declaration in module "bit_gen2" behaves as a Local Parameter Declaration because the module has a Module Parameter Port List File: C:/intelFPGA_lite/18.1/VGA/bit_gen2.v Line: 16
Warning (10222): Verilog HDL Parameter Declaration warning at bit_gen2.v(17): Parameter Declaration in module "bit_gen2" behaves as a Local Parameter Declaration because the module has a Module Parameter Port List File: C:/intelFPGA_lite/18.1/VGA/bit_gen2.v Line: 17
Warning (10222): Verilog HDL Parameter Declaration warning at bit_gen2.v(18): Parameter Declaration in module "bit_gen2" behaves as a Local Parameter Declaration because the module has a Module Parameter Port List File: C:/intelFPGA_lite/18.1/VGA/bit_gen2.v Line: 18
Warning (10222): Verilog HDL Parameter Declaration warning at bit_gen2.v(19): Parameter Declaration in module "bit_gen2" behaves as a Local Parameter Declaration because the module has a Module Parameter Port List File: C:/intelFPGA_lite/18.1/VGA/bit_gen2.v Line: 19
Warning (10222): Verilog HDL Parameter Declaration warning at bit_gen2.v(20): Parameter Declaration in module "bit_gen2" behaves as a Local Parameter Declaration because the module has a Module Parameter Port List File: C:/intelFPGA_lite/18.1/VGA/bit_gen2.v Line: 20
Warning (10222): Verilog HDL Parameter Declaration warning at bit_gen2.v(21): Parameter Declaration in module "bit_gen2" behaves as a Local Parameter Declaration because the module has a Module Parameter Port List File: C:/intelFPGA_lite/18.1/VGA/bit_gen2.v Line: 21
Warning (10222): Verilog HDL Parameter Declaration warning at bit_gen2.v(22): Parameter Declaration in module "bit_gen2" behaves as a Local Parameter Declaration because the module has a Module Parameter Port List File: C:/intelFPGA_lite/18.1/VGA/bit_gen2.v Line: 22
Warning (10222): Verilog HDL Parameter Declaration warning at bit_gen2.v(23): Parameter Declaration in module "bit_gen2" behaves as a Local Parameter Declaration because the module has a Module Parameter Port List File: C:/intelFPGA_lite/18.1/VGA/bit_gen2.v Line: 23
Info (12127): Elaborating entity "vga_2" for the top level hierarchy
Info (12128): Elaborating entity "vga_control" for hierarchy "vga_control:controller" File: C:/intelFPGA_lite/18.1/VGA/vga_2.v Line: 29
Warning (10230): Verilog HDL assignment warning at vga_control.v(40): truncated value with size 32 to match size of target (10) File: C:/intelFPGA_lite/18.1/VGA/vga_control.v Line: 40
Warning (10230): Verilog HDL assignment warning at vga_control.v(42): truncated value with size 32 to match size of target (10) File: C:/intelFPGA_lite/18.1/VGA/vga_control.v Line: 42
Warning (10240): Verilog HDL Always Construct warning at vga_control.v(47): inferring latch(es) for variable "h_bright", which holds its previous value in one or more paths through the always construct File: C:/intelFPGA_lite/18.1/VGA/vga_control.v Line: 47
Warning (10240): Verilog HDL Always Construct warning at vga_control.v(47): inferring latch(es) for variable "h_sync", which holds its previous value in one or more paths through the always construct File: C:/intelFPGA_lite/18.1/VGA/vga_control.v Line: 47
Warning (10240): Verilog HDL Always Construct warning at vga_control.v(59): inferring latch(es) for variable "v_bright", which holds its previous value in one or more paths through the always construct File: C:/intelFPGA_lite/18.1/VGA/vga_control.v Line: 59
Warning (10240): Verilog HDL Always Construct warning at vga_control.v(59): inferring latch(es) for variable "v_sync", which holds its previous value in one or more paths through the always construct File: C:/intelFPGA_lite/18.1/VGA/vga_control.v Line: 59
Info (10041): Inferred latch for "v_sync" at vga_control.v(66) File: C:/intelFPGA_lite/18.1/VGA/vga_control.v Line: 66
Info (10041): Inferred latch for "v_bright" at vga_control.v(66) File: C:/intelFPGA_lite/18.1/VGA/vga_control.v Line: 66
Info (10041): Inferred latch for "h_sync" at vga_control.v(54) File: C:/intelFPGA_lite/18.1/VGA/vga_control.v Line: 54
Info (10041): Inferred latch for "h_bright" at vga_control.v(54) File: C:/intelFPGA_lite/18.1/VGA/vga_control.v Line: 54
Info (12128): Elaborating entity "bit_gen2" for hierarchy "bit_gen2:bits" File: C:/intelFPGA_lite/18.1/VGA/vga_2.v Line: 40
Warning (10270): Verilog HDL Case Statement warning at bit_gen2.v(37): incomplete case statement has no default case item File: C:/intelFPGA_lite/18.1/VGA/bit_gen2.v Line: 37
Warning (10240): Verilog HDL Always Construct warning at bit_gen2.v(28): inferring latch(es) for variable "red_out", which holds its previous value in one or more paths through the always construct File: C:/intelFPGA_lite/18.1/VGA/bit_gen2.v Line: 28
Warning (10240): Verilog HDL Always Construct warning at bit_gen2.v(28): inferring latch(es) for variable "green_out", which holds its previous value in one or more paths through the always construct File: C:/intelFPGA_lite/18.1/VGA/bit_gen2.v Line: 28
Warning (10240): Verilog HDL Always Construct warning at bit_gen2.v(28): inferring latch(es) for variable "blue_out", which holds its previous value in one or more paths through the always construct File: C:/intelFPGA_lite/18.1/VGA/bit_gen2.v Line: 28
Info (10041): Inferred latch for "blue_out[0]" at bit_gen2.v(37) File: C:/intelFPGA_lite/18.1/VGA/bit_gen2.v Line: 37
Info (10041): Inferred latch for "blue_out[1]" at bit_gen2.v(37) File: C:/intelFPGA_lite/18.1/VGA/bit_gen2.v Line: 37
Info (10041): Inferred latch for "blue_out[2]" at bit_gen2.v(37) File: C:/intelFPGA_lite/18.1/VGA/bit_gen2.v Line: 37
Info (10041): Inferred latch for "blue_out[3]" at bit_gen2.v(37) File: C:/intelFPGA_lite/18.1/VGA/bit_gen2.v Line: 37
Info (10041): Inferred latch for "blue_out[4]" at bit_gen2.v(37) File: C:/intelFPGA_lite/18.1/VGA/bit_gen2.v Line: 37
Info (10041): Inferred latch for "blue_out[5]" at bit_gen2.v(37) File: C:/intelFPGA_lite/18.1/VGA/bit_gen2.v Line: 37
Info (10041): Inferred latch for "blue_out[6]" at bit_gen2.v(37) File: C:/intelFPGA_lite/18.1/VGA/bit_gen2.v Line: 37
Info (10041): Inferred latch for "blue_out[7]" at bit_gen2.v(37) File: C:/intelFPGA_lite/18.1/VGA/bit_gen2.v Line: 37
Info (10041): Inferred latch for "green_out[0]" at bit_gen2.v(37) File: C:/intelFPGA_lite/18.1/VGA/bit_gen2.v Line: 37
Info (10041): Inferred latch for "green_out[1]" at bit_gen2.v(37) File: C:/intelFPGA_lite/18.1/VGA/bit_gen2.v Line: 37
Info (10041): Inferred latch for "green_out[2]" at bit_gen2.v(37) File: C:/intelFPGA_lite/18.1/VGA/bit_gen2.v Line: 37
Info (10041): Inferred latch for "green_out[3]" at bit_gen2.v(37) File: C:/intelFPGA_lite/18.1/VGA/bit_gen2.v Line: 37
Info (10041): Inferred latch for "green_out[4]" at bit_gen2.v(37) File: C:/intelFPGA_lite/18.1/VGA/bit_gen2.v Line: 37
Info (10041): Inferred latch for "green_out[5]" at bit_gen2.v(37) File: C:/intelFPGA_lite/18.1/VGA/bit_gen2.v Line: 37
Info (10041): Inferred latch for "green_out[6]" at bit_gen2.v(37) File: C:/intelFPGA_lite/18.1/VGA/bit_gen2.v Line: 37
Info (10041): Inferred latch for "green_out[7]" at bit_gen2.v(37) File: C:/intelFPGA_lite/18.1/VGA/bit_gen2.v Line: 37
Info (10041): Inferred latch for "red_out[0]" at bit_gen2.v(37) File: C:/intelFPGA_lite/18.1/VGA/bit_gen2.v Line: 37
Info (10041): Inferred latch for "red_out[1]" at bit_gen2.v(37) File: C:/intelFPGA_lite/18.1/VGA/bit_gen2.v Line: 37
Info (10041): Inferred latch for "red_out[2]" at bit_gen2.v(37) File: C:/intelFPGA_lite/18.1/VGA/bit_gen2.v Line: 37
Info (10041): Inferred latch for "red_out[3]" at bit_gen2.v(37) File: C:/intelFPGA_lite/18.1/VGA/bit_gen2.v Line: 37
Info (10041): Inferred latch for "red_out[4]" at bit_gen2.v(37) File: C:/intelFPGA_lite/18.1/VGA/bit_gen2.v Line: 37
Info (10041): Inferred latch for "red_out[5]" at bit_gen2.v(37) File: C:/intelFPGA_lite/18.1/VGA/bit_gen2.v Line: 37
Info (10041): Inferred latch for "red_out[6]" at bit_gen2.v(37) File: C:/intelFPGA_lite/18.1/VGA/bit_gen2.v Line: 37
Info (10041): Inferred latch for "red_out[7]" at bit_gen2.v(37) File: C:/intelFPGA_lite/18.1/VGA/bit_gen2.v Line: 37
Info (12128): Elaborating entity "tbird_fsm" for hierarchy "tbird_fsm:tb" File: C:/intelFPGA_lite/18.1/VGA/vga_2.v Line: 50
Warning (10230): Verilog HDL assignment warning at tbird_fsm.v(42): truncated value with size 32 to match size of target (25) File: C:/intelFPGA_lite/18.1/VGA/tbird_fsm.v Line: 42
Info (12128): Elaborating entity "flip_flop" for hierarchy "tbird_fsm:tb|flip_flop:ff" File: C:/intelFPGA_lite/18.1/VGA/tbird_fsm.v Line: 30
Info (13025): Duplicate LATCH primitives merged into single LATCH primitive
    Info (13026): Duplicate LATCH primitive "bit_gen2:bits|red_out[7]" merged with LATCH primitive "bit_gen2:bits|red_out[0]" File: C:/intelFPGA_lite/18.1/VGA/bit_gen2.v Line: 37
    Info (13026): Duplicate LATCH primitive "bit_gen2:bits|red_out[6]" merged with LATCH primitive "bit_gen2:bits|red_out[0]" File: C:/intelFPGA_lite/18.1/VGA/bit_gen2.v Line: 37
    Info (13026): Duplicate LATCH primitive "bit_gen2:bits|red_out[5]" merged with LATCH primitive "bit_gen2:bits|red_out[0]" File: C:/intelFPGA_lite/18.1/VGA/bit_gen2.v Line: 37
    Info (13026): Duplicate LATCH primitive "bit_gen2:bits|red_out[4]" merged with LATCH primitive "bit_gen2:bits|red_out[0]" File: C:/intelFPGA_lite/18.1/VGA/bit_gen2.v Line: 37
    Info (13026): Duplicate LATCH primitive "bit_gen2:bits|red_out[3]" merged with LATCH primitive "bit_gen2:bits|red_out[0]" File: C:/intelFPGA_lite/18.1/VGA/bit_gen2.v Line: 37
    Info (13026): Duplicate LATCH primitive "bit_gen2:bits|red_out[2]" merged with LATCH primitive "bit_gen2:bits|red_out[0]" File: C:/intelFPGA_lite/18.1/VGA/bit_gen2.v Line: 37
    Info (13026): Duplicate LATCH primitive "bit_gen2:bits|red_out[1]" merged with LATCH primitive "bit_gen2:bits|red_out[0]" File: C:/intelFPGA_lite/18.1/VGA/bit_gen2.v Line: 37
    Info (13026): Duplicate LATCH primitive "bit_gen2:bits|green_out[7]" merged with LATCH primitive "bit_gen2:bits|green_out[0]" File: C:/intelFPGA_lite/18.1/VGA/bit_gen2.v Line: 37
    Info (13026): Duplicate LATCH primitive "bit_gen2:bits|green_out[6]" merged with LATCH primitive "bit_gen2:bits|green_out[0]" File: C:/intelFPGA_lite/18.1/VGA/bit_gen2.v Line: 37
    Info (13026): Duplicate LATCH primitive "bit_gen2:bits|green_out[5]" merged with LATCH primitive "bit_gen2:bits|green_out[0]" File: C:/intelFPGA_lite/18.1/VGA/bit_gen2.v Line: 37
    Info (13026): Duplicate LATCH primitive "bit_gen2:bits|green_out[4]" merged with LATCH primitive "bit_gen2:bits|green_out[0]" File: C:/intelFPGA_lite/18.1/VGA/bit_gen2.v Line: 37
    Info (13026): Duplicate LATCH primitive "bit_gen2:bits|green_out[3]" merged with LATCH primitive "bit_gen2:bits|green_out[0]" File: C:/intelFPGA_lite/18.1/VGA/bit_gen2.v Line: 37
    Info (13026): Duplicate LATCH primitive "bit_gen2:bits|green_out[2]" merged with LATCH primitive "bit_gen2:bits|green_out[0]" File: C:/intelFPGA_lite/18.1/VGA/bit_gen2.v Line: 37
    Info (13026): Duplicate LATCH primitive "bit_gen2:bits|green_out[1]" merged with LATCH primitive "bit_gen2:bits|green_out[0]" File: C:/intelFPGA_lite/18.1/VGA/bit_gen2.v Line: 37
    Info (13026): Duplicate LATCH primitive "bit_gen2:bits|blue_out[7]" merged with LATCH primitive "bit_gen2:bits|blue_out[0]" File: C:/intelFPGA_lite/18.1/VGA/bit_gen2.v Line: 37
    Info (13026): Duplicate LATCH primitive "bit_gen2:bits|blue_out[6]" merged with LATCH primitive "bit_gen2:bits|blue_out[0]" File: C:/intelFPGA_lite/18.1/VGA/bit_gen2.v Line: 37
    Info (13026): Duplicate LATCH primitive "bit_gen2:bits|blue_out[5]" merged with LATCH primitive "bit_gen2:bits|blue_out[0]" File: C:/intelFPGA_lite/18.1/VGA/bit_gen2.v Line: 37
    Info (13026): Duplicate LATCH primitive "bit_gen2:bits|blue_out[4]" merged with LATCH primitive "bit_gen2:bits|blue_out[0]" File: C:/intelFPGA_lite/18.1/VGA/bit_gen2.v Line: 37
    Info (13026): Duplicate LATCH primitive "bit_gen2:bits|blue_out[3]" merged with LATCH primitive "bit_gen2:bits|blue_out[0]" File: C:/intelFPGA_lite/18.1/VGA/bit_gen2.v Line: 37
    Info (13026): Duplicate LATCH primitive "bit_gen2:bits|blue_out[2]" merged with LATCH primitive "bit_gen2:bits|blue_out[0]" File: C:/intelFPGA_lite/18.1/VGA/bit_gen2.v Line: 37
    Info (13026): Duplicate LATCH primitive "bit_gen2:bits|blue_out[1]" merged with LATCH primitive "bit_gen2:bits|blue_out[0]" File: C:/intelFPGA_lite/18.1/VGA/bit_gen2.v Line: 37
Warning (13012): Latch vga_control:controller|h_sync has unsafe behavior File: C:/intelFPGA_lite/18.1/VGA/vga_control.v Line: 4
    Warning (13013): Ports D and ENA on the latch are fed by the same signal vga_control:controller|h_count[7] File: C:/intelFPGA_lite/18.1/VGA/vga_control.v Line: 33
    Warning (13013): Ports ENA and PRE on the latch are fed by the same signal vga_control:controller|h_count[7] File: C:/intelFPGA_lite/18.1/VGA/vga_control.v Line: 33
Warning (13012): Latch vga_control:controller|v_sync has unsafe behavior File: C:/intelFPGA_lite/18.1/VGA/vga_control.v Line: 4
    Warning (13013): Ports D and ENA on the latch are fed by the same signal vga_control:controller|v_count[4] File: C:/intelFPGA_lite/18.1/VGA/vga_control.v Line: 33
    Warning (13013): Ports ENA and PRE on the latch are fed by the same signal vga_control:controller|v_count[4] File: C:/intelFPGA_lite/18.1/VGA/vga_control.v Line: 33
Warning (13012): Latch bit_gen2:bits|red_out[0] has unsafe behavior File: C:/intelFPGA_lite/18.1/VGA/bit_gen2.v Line: 37
    Warning (13013): Ports D and ENA on the latch are fed by the same signal tbird_fsm:tb|flip_flop:ff|q[0] File: C:/intelFPGA_lite/18.1/VGA/tbird_fsm.v Line: 75
Warning (13012): Latch bit_gen2:bits|green_out[0] has unsafe behavior File: C:/intelFPGA_lite/18.1/VGA/bit_gen2.v Line: 37
    Warning (13013): Ports D and ENA on the latch are fed by the same signal tbird_fsm:tb|flip_flop:ff|q[0] File: C:/intelFPGA_lite/18.1/VGA/tbird_fsm.v Line: 75
Warning (13012): Latch bit_gen2:bits|blue_out[0] has unsafe behavior File: C:/intelFPGA_lite/18.1/VGA/bit_gen2.v Line: 37
    Warning (13013): Ports D and ENA on the latch are fed by the same signal tbird_fsm:tb|flip_flop:ff|q[0] File: C:/intelFPGA_lite/18.1/VGA/tbird_fsm.v Line: 75
Warning (13024): Output pins are stuck at VCC or GND
    Warning (13410): Pin "sync_n" is stuck at GND File: C:/intelFPGA_lite/18.1/VGA/vga_2.v Line: 3
Info (286030): Timing-Driven Synthesis is running
Info (144001): Generated suppressed messages file C:/intelFPGA_lite/18.1/VGA/output_files/vga.map.smsg
Info (16010): Generating hard_block partition "hard_block:auto_generated_inst"
    Info (16011): Adding 0 node(s), including 0 DDIO, 0 PLL, 0 transceiver and 0 LCELL
Info (21057): Implemented 238 device resources after synthesis - the final resource count might be different
    Info (21058): Implemented 5 input pins
    Info (21059): Implemented 29 output pins
    Info (21061): Implemented 204 logic cells
Info: Quartus Prime Analysis & Synthesis was successful. 0 errors, 53 warnings
    Info: Peak virtual memory: 4901 megabytes
    Info: Processing ended: Mon Oct 30 22:15:32 2023
    Info: Elapsed time: 00:00:22
    Info: Total CPU time (on all processors): 00:00:21


+------------------------------------------+
; Analysis & Synthesis Suppressed Messages ;
+------------------------------------------+
The suppressed messages can be found in C:/intelFPGA_lite/18.1/VGA/output_files/vga.map.smsg.


